=== 出力テスト開始 ===
現在時刻: 2025-07-24T18:30:58.771Z

[基本情報]
Node.js バージョン: v22.14.0
プラットフォーム: win32
アーキテクチャ: x64
現在のディレクトリ: C:\work\programing\windserf\02.1line_summary

[ファイルシステムテスト]
✓ ファイルに書き込みました
✓ ファイルを読み込みました
ファイルの内容: これはテストファイルです
2025-07-24T18:30:58.773Z
✓ ファイルを削除しました

[非同期処理テスト]
✓ 非同期処理が実行されました

[テスト結果]
✓ すべてのテストが完了しました
出力ファイル: C:\work\programing\windserf\02.1line_summary\test-output.txt
=== テスト終了 ===


[テスト結果]
✓ すべてのテストが完了しました
出力ファイル: C:\work\programing\windserf\02.1line_summary\test-output.txt
=== テスト終了 ===

